[debug] [2025-10-15T10:25:38.434Z] ----------------------------------------------------------------------
[debug] [2025-10-15T10:25:38.436Z] Command:       C:\Program Files\nodejs\node.exe C:\Users\Uswa Ayaz\AppData\Roaming\npm\node_modules\firebase-tools\lib\bin\firebase.js init functions
[debug] [2025-10-15T10:25:38.436Z] CLI Version:   14.19.1
[debug] [2025-10-15T10:25:38.436Z] Platform:      win32
[debug] [2025-10-15T10:25:38.437Z] Node Version:  v22.20.0
[debug] [2025-10-15T10:25:38.437Z] Time:          Wed Oct 15 2025 15:25:38 GMT+0500 (Pakistan Standard Time)
[debug] [2025-10-15T10:25:38.437Z] ----------------------------------------------------------------------
[debug] 
[debug] [2025-10-15T10:25:38.438Z] >>> [apiv2][query] GET https://firebase-public.firebaseio.com/cli.json [none]
[debug] [2025-10-15T10:25:38.588Z] Object "" in "firebase.json" has unknown property: {"additionalProperty":"flutter"}
[debug] [2025-10-15T10:25:38.592Z] Object "" in "firebase.json" has unknown property: {"additionalProperty":"flutter"}
[info] 
     ######## #### ########  ######## ########     ###     ######  ########
     ##        ##  ##     ## ##       ##     ##  ##   ##  ##       ##
     ######    ##  ########  ######   ########  #########  ######  ######
     ##        ##  ##    ##  ##       ##     ## ##     ##       ## ##
     ##       #### ##     ## ######## ########  ##     ##  ######  ########

You're about to initialize a Firebase project in this directory:

  C:\cybershield

Before we get started, keep in mind:

  * You are currently outside your home directory
  * You are initializing within an existing Firebase project directory

[debug] [2025-10-15T10:25:39.467Z] <<< [apiv2][status] GET https://firebase-public.firebaseio.com/cli.json 200
[debug] [2025-10-15T10:25:39.467Z] <<< [apiv2][body] GET https://firebase-public.firebaseio.com/cli.json {"cloudBuildErrorAfter":1594252800000,"cloudBuildWarnAfter":1590019200000,"defaultNode10After":1594252800000,"minVersion":"3.0.5","node8DeploysDisabledAfter":1613390400000,"node8RuntimeDisabledAfter":1615809600000,"node8WarnAfter":1600128000000}
[info] 
=== Project Setup
[info] 
[info] First, let's associate this project directory with a Firebase project.
[info] You can create multiple project aliases by running firebase use --add, 
[info] 
[debug] [2025-10-15T10:26:30.082Z] > command requires scopes: ["email","openid","https://www.googleapis.com/auth/cloudplatformprojects.readonly","https://www.googleapis.com/auth/firebase","https://www.googleapis.com/auth/cloud-platform"]
[debug] [2025-10-15T10:26:30.082Z] > authorizing via signed-in user (uswakhan9687@gmail.com)
[debug] [2025-10-15T10:26:30.084Z] Checked if tokens are valid: false, expires at: 1742282595778
[debug] [2025-10-15T10:26:30.085Z] Checked if tokens are valid: false, expires at: 1742282595778
[debug] [2025-10-15T10:26:30.085Z] > refreshing access token with scopes: []
[debug] [2025-10-15T10:26:30.087Z] >>> [apiv2][query] POST https://www.googleapis.com/oauth2/v3/token [none]
[debug] [2025-10-15T10:26:30.087Z] >>> [apiv2][body] POST https://www.googleapis.com/oauth2/v3/token [omitted]
[debug] [2025-10-15T10:26:30.748Z] <<< [apiv2][status] POST https://www.googleapis.com/oauth2/v3/token 400
[debug] [2025-10-15T10:26:30.748Z] <<< [apiv2][body] POST https://www.googleapis.com/oauth2/v3/token [omitted]
[debug] [2025-10-15T10:26:30.749Z] >>> [apiv2][query] GET https://firebase.googleapis.com/v1beta1/projects pageSize=100
[debug] [2025-10-15T10:26:31.394Z] <<< [apiv2][status] GET https://firebase.googleapis.com/v1beta1/projects 401
[debug] [2025-10-15T10:26:31.394Z] <<< [apiv2][body] GET https://firebase.googleapis.com/v1beta1/projects [omitted]
[debug] [2025-10-15T10:26:31.395Z] Got a 401 Unauthenticated error for a call that required authentication. Refreshing tokens.
[debug] [2025-10-15T10:26:31.395Z] Checked if tokens are valid: false, expires at: 1742282595778
[debug] [2025-10-15T10:26:31.395Z] Checked if tokens are valid: false, expires at: 1742282595778
[debug] [2025-10-15T10:26:31.395Z] > refreshing access token with scopes: []
[debug] [2025-10-15T10:26:31.396Z] >>> [apiv2][query] POST https://www.googleapis.com/oauth2/v3/token [none]
[debug] [2025-10-15T10:26:31.396Z] >>> [apiv2][body] POST https://www.googleapis.com/oauth2/v3/token [omitted]
[debug] [2025-10-15T10:26:31.652Z] <<< [apiv2][status] POST https://www.googleapis.com/oauth2/v3/token 400
[debug] [2025-10-15T10:26:31.652Z] <<< [apiv2][body] POST https://www.googleapis.com/oauth2/v3/token [omitted]
[debug] [2025-10-15T10:26:31.654Z] Request to https://firebase.googleapis.com/v1beta1/projects?pageSize=100 had HTTP Error: 401, Request had invalid authentication credentials. Expected OAuth 2 access token, login cookie or other valid authentication credential. See https://developers.google.com/identity/sign-in/web/devconsole-project.
[debug] [2025-10-15T10:26:32.318Z] FirebaseError: Request to https://firebase.googleapis.com/v1beta1/projects?pageSize=100 had HTTP Error: 401, Request had invalid authentication credentials. Expected OAuth 2 access token, login cookie or other valid authentication credential. See https://developers.google.com/identity/sign-in/web/devconsole-project.
    at responseToError (C:\Users\Uswa Ayaz\AppData\Roaming\npm\node_modules\firebase-tools\lib\responseToError.js:52:12)
    at RetryOperation._fn (C:\Users\Uswa Ayaz\AppData\Roaming\npm\node_modules\firebase-tools\lib\apiv2.js:312:77)
    at process.processTicksAndRejections (node:internal/process/task_queues:105:5)
[error] 
[error] Error: Failed to list Firebase projects. See firebase-debug.log for more info.
